
🔥 LIVE BTC STRATEGY TEST (HTTP)
Press Ctrl+C to stop early

🔥 HYBRID HEATMAP STRATEGY - NO REBATES VERSION
📊 Enhanced precision + optimized for fee environment
⚡ 125x leverage with 18% position sizing
💎 Targeting 96%+ win rate without maker rebates
============================================================
================================================================================
🚀 LIVE BTC TEST - 50X STRATEGY (HTTP)
================================================================================
💰 Starting Capital: $800
⚡ Leverage: 50x
💎 Maker Rebate: 0.011%
================================================================================

📡 Fetching live BTC prices from Binance...
⏰ Started at: 23:44:44
⏱️  Will run for 15 minutes


📊 Tick #10 | 23:44:56 | $125,070.47
💰 $800.00 → $800.00 (+0.00%)
⏱️  Runtime: 0.2 min
🎯 Warming up... (10/250)

📊 Tick #20 | 23:45:09 | $125,059.64
💰 $800.00 → $800.00 (+0.00%)
⏱️  Runtime: 0.4 min
🎯 Warming up... (20/250)

📊 Tick #30 | 23:45:22 | $125,050.58
💰 $800.00 → $800.00 (+0.00%)
⏱️  Runtime: 0.6 min
🎯 Warming up... (30/250)

📊 Tick #40 | 23:45:35 | $125,050.57
💰 $800.00 → $800.00 (+0.00%)
⏱️  Runtime: 0.8 min
🎯 Warming up... (40/250)
🎯 LONG @ $125040.500000
   Confidence: 87.5%
   Market Bias: neutral
   Position: $157.50 (50x)
   Size Adj: 19.7%

===========================================================================
🎯 OPEN LONG @ $125,040.50 | Confidence: 87.5%
===========================================================================

📊 Tick #50 | 23:45:47 | $125,040.50
💰 $800.00 → $800.00 (+0.00%)
⏱️  Runtime: 1.1 min
🎯 Warming up... (50/250)

📊 Tick #60 | 23:46:00 | $125,040.51
💰 $800.00 → $800.00 (+0.00%)
⏱️  Runtime: 1.3 min
🎯 Warming up... (60/250)
🔄 CLOSE LONG @ $125028.010000
   Reason: stop_loss
   PnL: $0.95 (after $-1.73 fees)
   Hold: 24s
   Capital: $800.57 | Reserves: $0.38

===========================================================================
✅ CLOSE @ $125,028.01 | PnL: $+0.95
===========================================================================
🎯 LONG @ $125009.240000
   Confidence: 87.5%
   Market Bias: neutral
   Position: $157.61 (50x)
   Size Adj: 19.7%

===========================================================================
🎯 OPEN LONG @ $125,009.24 | Confidence: 87.5%
===========================================================================
🔄 CLOSE LONG @ $125008.220000
   Reason: bias_change
   PnL: $1.67 (after $-1.73 fees)
   Hold: 3s
   Capital: $801.57 | Reserves: $1.05

===========================================================================
✅ CLOSE @ $125,008.22 | PnL: $+1.67
===========================================================================

📊 Tick #70 | 23:46:13 | $125,008.21
💰 $801.57 → $802.62 (+0.33%)
⏱️  Runtime: 1.5 min
🎯 2 trades | 100.0% WR

📊 Tick #80 | 23:46:26 | $125,026.18
💰 $801.57 → $802.62 (+0.33%)
⏱️  Runtime: 1.7 min
🎯 2 trades | 100.0% WR
🎯 SHORT @ $125026.180000
   Confidence: 86.7%
   Market Bias: bearish
   Position: $156.31 (50x)
   Size Adj: 19.5%

===========================================================================
🎯 OPEN SHORT @ $125,026.18 | Confidence: 86.7%
===========================================================================

📊 Tick #90 | 23:46:38 | $125,026.17
💰 $801.57 → $802.62 (+0.33%)
⏱️  Runtime: 1.9 min
🎯 2 trades | 100.0% WR

📊 Tick #100 | 23:46:51 | $125,014.47
💰 $801.57 → $802.62 (+0.33%)
⏱️  Runtime: 2.1 min
🎯 2 trades | 100.0% WR
🔄 CLOSE SHORT @ $125033.920000
   Reason: stop_loss
   PnL: $1.24 (after $-1.72 fees)
   Hold: 28s
   Capital: $802.31 | Reserves: $1.54

===========================================================================
✅ CLOSE @ $125,033.92 | PnL: $+1.24
===========================================================================
🎯 SHORT @ $125033.920000
   Confidence: 95.0%
   Market Bias: bearish
   Position: $171.49 (50x)
   Size Adj: 21.4%

===========================================================================
🎯 OPEN SHORT @ $125,033.92 | Confidence: 95.0%
===========================================================================

📊 Tick #110 | 23:47:04 | $125,033.92
💰 $802.31 → $803.85 (+0.48%)
⏱️  Runtime: 2.3 min
🎯 3 trades | 100.0% WR
🔄 CLOSE SHORT @ $125050.570000
   Reason: stop_loss
   PnL: $0.74 (after $-1.89 fees)
   Hold: 8s
   Capital: $802.76 | Reserves: $1.84

===========================================================================
✅ CLOSE @ $125,050.57 | PnL: $+0.74
===========================================================================
🎯 SHORT @ $125050.580000
   Confidence: 95.0%
   Market Bias: bearish
   Position: $171.59 (50x)
   Size Adj: 21.4%

===========================================================================
🎯 OPEN SHORT @ $125,050.58 | Confidence: 95.0%
===========================================================================

📊 Tick #120 | 23:47:17 | $125,050.57
💰 $802.76 → $804.60 (+0.57%)
⏱️  Runtime: 2.5 min
🎯 4 trades | 100.0% WR

📊 Tick #130 | 23:47:29 | $125,050.58
💰 $802.76 → $804.60 (+0.57%)
⏱️  Runtime: 2.8 min
🎯 4 trades | 100.0% WR
🔄 CLOSE SHORT @ $125056.250000
   Reason: stop_loss
   PnL: $1.50 (after $-1.89 fees)
   Hold: 32s
   Capital: $803.66 | Reserves: $2.44

📊 Tick #140 | 23:47:42 | $125,056.25
💰 $803.66 → $806.09 (+0.76%)
⏱️  Runtime: 3.0 min
🎯 5 trades | 100.0% WR

===========================================================================
✅ CLOSE @ $125,056.25 | PnL: $+1.50
===========================================================================

📊 Tick #150 | 23:47:55 | $125,059.62
💰 $803.66 → $806.09 (+0.76%)
⏱️  Runtime: 3.2 min
🎯 5 trades | 100.0% WR

📊 Tick #160 | 23:48:07 | $125,059.63
💰 $803.66 → $806.09 (+0.76%)
⏱️  Runtime: 3.4 min
🎯 5 trades | 100.0% WR
🎯 SHORT @ $125072.000000
   Confidence: 95.0%
   Market Bias: bearish
   Position: $171.78 (50x)
   Size Adj: 21.4%

===========================================================================
🎯 OPEN SHORT @ $125,072.00 | Confidence: 95.0%
===========================================================================
🔄 CLOSE SHORT @ $125122.420000
   Reason: stop_loss
   PnL: $-1.57 (after $-1.89 fees)
   Hold: 8s
   Capital: $802.08 | Reserves: $2.44

===========================================================================
❌ CLOSE @ $125,122.42 | PnL: $-1.57
===========================================================================
🎯 SHORT @ $125122.420000
   Confidence: 95.8%
   Market Bias: bearish
   Position: $172.95 (50x)
   Size Adj: 21.6%

===========================================================================
🎯 OPEN SHORT @ $125,122.42 | Confidence: 95.8%
===========================================================================

📊 Tick #170 | 23:48:20 | $125,122.43
💰 $802.08 → $804.52 (+0.57%)
⏱️  Runtime: 3.6 min
🎯 6 trades | 83.3% WR
🔄 CLOSE SHORT @ $125132.680000
   Reason: stop_loss
   PnL: $1.19 (after $-1.90 fees)
   Hold: 11s
   Capital: $802.80 | Reserves: $2.91

===========================================================================
✅ CLOSE @ $125,132.68 | PnL: $+1.19
===========================================================================
🎯 SHORT @ $125132.690000
   Confidence: 96.4%
   Market Bias: bearish
   Position: $173.40 (50x)
   Size Adj: 21.6%

===========================================================================
🎯 OPEN SHORT @ $125,132.69 | Confidence: 96.4%
===========================================================================

📊 Tick #180 | 23:48:33 | $125,132.68
💰 $802.80 → $805.71 (+0.71%)
⏱️  Runtime: 3.8 min
🎯 7 trades | 85.7% WR
🔄 CLOSE SHORT @ $125107.300000
   Reason: profit_target
   PnL: $3.67 (after $-1.91 fees)
   Hold: 12s
   Capital: $805.00 | Reserves: $4.38

===========================================================================
✅ CLOSE @ $125,107.30 | PnL: $+3.67
===========================================================================
🎯 LONG @ $125092.990000
   Confidence: 71.0%
   Market Bias: bearish
   Position: $128.67 (50x)
   Size Adj: 16.0%

===========================================================================
🎯 OPEN LONG @ $125,092.99 | Confidence: 71.0%
===========================================================================
🔄 CLOSE LONG @ $125092.980000
   Reason: bias_change
   PnL: $1.41 (after $-1.42 fees)
   Hold: 1s
   Capital: $805.85 | Reserves: $4.95

===========================================================================
✅ CLOSE @ $125,092.98 | PnL: $+1.41
===========================================================================
🎯 LONG @ $125092.980000
   Confidence: 71.4%
   Market Bias: bearish
   Position: $129.44 (50x)
   Size Adj: 16.1%

📊 Tick #190 | 23:48:46 | $125,092.98
💰 $805.85 → $810.80 (+1.35%)
⏱️  Runtime: 4.0 min
🎯 9 trades | 88.9% WR

===========================================================================
🎯 OPEN LONG @ $125,092.98 | Confidence: 71.4%
===========================================================================
🔄 CLOSE LONG @ $125092.980000
   Reason: bias_change
   PnL: $1.42 (after $-1.42 fees)
   Hold: 1s
   Capital: $806.70 | Reserves: $5.52

===========================================================================
✅ CLOSE @ $125,092.98 | PnL: $+1.42
===========================================================================
🎯 LONG @ $125105.200000
   Confidence: 71.7%
   Market Bias: bearish
   Position: $130.08 (50x)
   Size Adj: 16.1%

===========================================================================
🎯 OPEN LONG @ $125,105.20 | Confidence: 71.7%
===========================================================================
🔄 CLOSE LONG @ $125105.200000
   Reason: bias_change
   PnL: $1.43 (after $-1.43 fees)
   Hold: 1s
   Capital: $807.56 | Reserves: $6.09

===========================================================================
✅ CLOSE @ $125,105.20 | PnL: $+1.43
===========================================================================
🎯 SHORT @ $125135.460000
   Confidence: 97.7%
   Market Bias: bearish
   Position: $174.43 (50x)
   Size Adj: 21.6%

===========================================================================
🎯 OPEN SHORT @ $125,135.46 | Confidence: 97.7%
===========================================================================

📊 Tick #200 | 23:48:59 | $125,140.00
💰 $807.56 → $813.65 (+1.71%)
⏱️  Runtime: 4.2 min
🎯 11 trades | 90.9% WR
🔄 CLOSE SHORT @ $125141.280000
   Reason: stop_loss
   PnL: $1.51 (after $-1.92 fees)
   Hold: 15s
   Capital: $808.47 | Reserves: $6.69

===========================================================================
✅ CLOSE @ $125,141.28 | PnL: $+1.51
===========================================================================
🎯 SHORT @ $125150.630000
   Confidence: 97.9%
   Market Bias: bearish
   Position: $174.63 (50x)
   Size Adj: 21.6%

===========================================================================
🎯 OPEN SHORT @ $125,150.63 | Confidence: 97.9%
===========================================================================

📊 Tick #210 | 23:49:12 | $125,151.82
💰 $808.47 → $815.16 (+1.90%)
⏱️  Runtime: 4.5 min
🎯 12 trades | 91.7% WR
🔄 CLOSE SHORT @ $125159.990000
   Reason: stop_loss
   PnL: $1.27 (after $-1.92 fees)
   Hold: 5s
   Capital: $809.23 | Reserves: $7.20

===========================================================================
✅ CLOSE @ $125,159.99 | PnL: $+1.27
===========================================================================
🎯 SHORT @ $125170.100000
   Confidence: 98.1%
   Market Bias: bearish
   Position: $174.79 (50x)
   Size Adj: 21.6%

===========================================================================
🎯 OPEN SHORT @ $125,170.10 | Confidence: 98.1%
===========================================================================
🔄 CLOSE SHORT @ $125186.000000
   Reason: stop_loss
   PnL: $0.81 (after $-1.92 fees)
   Hold: 1s
   Capital: $809.72 | Reserves: $7.53

===========================================================================
✅ CLOSE @ $125,186.00 | PnL: $+0.81
===========================================================================
🎯 SHORT @ $125185.990000
   Confidence: 98.2%
   Market Bias: bearish
   Position: $174.90 (50x)
   Size Adj: 21.6%

===========================================================================
🎯 OPEN SHORT @ $125,185.99 | Confidence: 98.2%
===========================================================================

📊 Tick #220 | 23:49:24 | $125,185.99
💰 $809.72 → $817.24 (+2.16%)
⏱️  Runtime: 4.7 min
🎯 14 trades | 92.9% WR

📊 Tick #230 | 23:49:37 | $125,185.99
💰 $809.72 → $817.24 (+2.16%)
⏱️  Runtime: 4.9 min
🎯 14 trades | 92.9% WR
🔄 CLOSE SHORT @ $125195.130000
   Reason: stop_loss
   PnL: $1.29 (after $-1.92 fees)
   Hold: 29s
   Capital: $810.49 | Reserves: $8.04

===========================================================================
✅ CLOSE @ $125,195.13 | PnL: $+1.29
===========================================================================

📊 Tick #240 | 23:49:50 | $125,200.98
💰 $810.49 → $818.53 (+2.32%)
⏱️  Runtime: 5.1 min
🎯 15 trades | 93.3% WR

📊 Tick #250 | 23:50:03 | $125,188.65
💰 $810.49 → $818.53 (+2.32%)
⏱️  Runtime: 5.3 min
🎯 15 trades | 93.3% WR

📊 Tick #260 | 23:50:16 | $125,188.66
💰 $810.49 → $818.53 (+2.32%)
⏱️  Runtime: 5.5 min
🎯 15 trades | 93.3% WR
🎯 LONG @ $125179.300000
   Confidence: 80.8%
   Market Bias: bearish
   Position: $147.41 (50x)
   Size Adj: 18.2%

===========================================================================
🎯 OPEN LONG @ $125,179.30 | Confidence: 80.8%
===========================================================================
🔄 CLOSE LONG @ $125179.310000
   Reason: bias_change
   PnL: $1.62 (after $-1.62 fees)
   Hold: 1s
   Capital: $811.46 | Reserves: $8.69

===========================================================================
✅ CLOSE @ $125,179.31 | PnL: $+1.62
===========================================================================
🎯 LONG @ $125176.760000
   Confidence: 80.9%
   Market Bias: bearish
   Position: $147.77 (50x)
   Size Adj: 18.2%

===========================================================================
🎯 OPEN LONG @ $125,176.76 | Confidence: 80.9%
===========================================================================
🔄 CLOSE LONG @ $125166.010000
   Reason: stop_loss
   PnL: $0.99 (after $-1.63 fees)
   Hold: 1s
   Capital: $812.06 | Reserves: $9.09

===========================================================================
✅ CLOSE @ $125,166.01 | PnL: $+0.99
===========================================================================
🎯 LONG @ $125151.830000
   Confidence: 81.0%
   Market Bias: bearish
   Position: $148.05 (50x)
   Size Adj: 18.2%

===========================================================================
🎯 OPEN LONG @ $125,151.83 | Confidence: 81.0%
===========================================================================
🔄 CLOSE LONG @ $125151.820000
   Reason: bias_change
   PnL: $1.63 (after $-1.63 fees)
   Hold: 1s
   Capital: $813.03 | Reserves: $9.74

===========================================================================
✅ CLOSE @ $125,151.82 | PnL: $+1.63
===========================================================================
🎯 LONG @ $125151.820000
   Confidence: 81.1%
   Market Bias: bearish
   Position: $148.38 (50x)
   Size Adj: 18.2%

===========================================================================
🎯 OPEN LONG @ $125,151.82 | Confidence: 81.1%
===========================================================================
🔄 CLOSE LONG @ $125151.820000
   Reason: bias_change
   PnL: $1.63 (after $-1.63 fees)
   Hold: 1s
   Capital: $814.01 | Reserves: $10.39

📊 Tick #270 | 23:50:29 | $125,151.82
💰 $814.01 → $824.40 (+3.05%)
⏱️  Runtime: 5.7 min
🎯 19 trades | 94.7% WR

===========================================================================
✅ CLOSE @ $125,151.82 | PnL: $+1.63
===========================================================================
🎯 LONG @ $125151.830000
   Confidence: 81.2%
   Market Bias: bearish
   Position: $148.69 (50x)
   Size Adj: 18.3%

===========================================================================
🎯 OPEN LONG @ $125,151.83 | Confidence: 81.2%
===========================================================================
🔄 CLOSE LONG @ $125151.820000
   Reason: bias_change
   PnL: $1.64 (after $-1.64 fees)
   Hold: 1s
   Capital: $814.99 | Reserves: $11.04

===========================================================================
✅ CLOSE @ $125,151.82 | PnL: $+1.64
===========================================================================
🎯 LONG @ $125151.830000
   Confidence: 81.2%
   Market Bias: bearish
   Position: $148.99 (50x)
   Size Adj: 18.3%

===========================================================================
🎯 OPEN LONG @ $125,151.83 | Confidence: 81.2%
===========================================================================
🔄 CLOSE LONG @ $125151.820000
   Reason: bias_change
   PnL: $1.64 (after $-1.64 fees)
   Hold: 1s
   Capital: $815.98 | Reserves: $11.70

===========================================================================
✅ CLOSE @ $125,151.82 | PnL: $+1.64
===========================================================================
🎯 LONG @ $125151.830000
   Confidence: 81.2%
   Market Bias: bearish
   Position: $149.17 (50x)
   Size Adj: 18.3%

===========================================================================
🎯 OPEN LONG @ $125,151.83 | Confidence: 81.2%
===========================================================================
🔄 CLOSE LONG @ $125151.830000
   Reason: bias_change
   PnL: $1.64 (after $-1.64 fees)
   Hold: 1s
   Capital: $816.96 | Reserves: $12.36

===========================================================================
✅ CLOSE @ $125,151.83 | PnL: $+1.64
===========================================================================
🎯 LONG @ $125151.820000
   Confidence: 81.2%
   Market Bias: bearish
   Position: $149.35 (50x)
   Size Adj: 18.3%

===========================================================================
🎯 OPEN LONG @ $125,151.82 | Confidence: 81.2%
===========================================================================
🔄 CLOSE LONG @ $125139.240000
   Reason: stop_loss
   PnL: $0.89 (after $-1.64 fees)
   Hold: 1s
   Capital: $817.50 | Reserves: $12.71

===========================================================================
✅ CLOSE @ $125,139.24 | PnL: $+0.89
===========================================================================
🎯 LONG @ $125138.010000
   Confidence: 81.2%
   Market Bias: bearish
   Position: $149.45 (50x)
   Size Adj: 18.3%

===========================================================================
🎯 OPEN LONG @ $125,138.01 | Confidence: 81.2%
===========================================================================
🔄 CLOSE LONG @ $125137.000000
   Reason: bias_change
   PnL: $1.58 (after $-1.64 fees)
   Hold: 1s
   Capital: $818.45 | Reserves: $13.35

📊 Tick #280 | 23:50:41 | $125,137.00
💰 $818.45 → $831.79 (+3.97%)
⏱️  Runtime: 6.0 min
🎯 24 trades | 95.8% WR

===========================================================================
✅ CLOSE @ $125,137.00 | PnL: $+1.58
===========================================================================
🎯 LONG @ $125128.740000
   Confidence: 81.2%
   Market Bias: bearish
   Position: $149.62 (50x)
   Size Adj: 18.3%

===========================================================================
🎯 OPEN LONG @ $125,128.74 | Confidence: 81.2%
===========================================================================
🔄 CLOSE LONG @ $125104.640000
   Reason: stop_loss
   PnL: $0.20 (after $-1.65 fees)
   Hold: 2s
   Capital: $818.57 | Reserves: $13.43

===========================================================================
✅ CLOSE @ $125,104.64 | PnL: $+0.20
===========================================================================
🎯 LONG @ $125104.650000
   Confidence: 81.2%
   Market Bias: bearish
   Position: $149.64 (50x)
   Size Adj: 18.3%

===========================================================================
🎯 OPEN LONG @ $125,104.65 | Confidence: 81.2%
===========================================================================
🔄 CLOSE LONG @ $125098.910000
   Reason: stop_loss
   PnL: $1.30 (after $-1.65 fees)
   Hold: 1s
   Capital: $819.35 | Reserves: $13.95

===========================================================================
✅ CLOSE @ $125,098.91 | PnL: $+1.30
===========================================================================
🎯 LONG @ $125098.000000
   Confidence: 82.5%
   Market Bias: bearish
   Position: $152.09 (50x)
   Size Adj: 18.6%

===========================================================================
🎯 OPEN LONG @ $125,098.00 | Confidence: 82.5%
===========================================================================
🔄 CLOSE LONG @ $125097.990000
   Reason: bias_change
   PnL: $1.67 (after $-1.67 fees)
   Hold: 1s
   Capital: $820.35 | Reserves: $14.62

===========================================================================
✅ CLOSE @ $125,097.99 | PnL: $+1.67
===========================================================================
🎯 LONG @ $125097.990000
   Confidence: 82.5%
   Market Bias: bearish
   Position: $152.28 (50x)
   Size Adj: 18.6%

===========================================================================
🎯 OPEN LONG @ $125,097.99 | Confidence: 82.5%
===========================================================================
🔄 CLOSE LONG @ $125097.990000
   Reason: bias_change
   PnL: $1.68 (after $-1.68 fees)
   Hold: 1s
   Capital: $821.36 | Reserves: $15.29

===========================================================================
✅ CLOSE @ $125,097.99 | PnL: $+1.68
===========================================================================
🎯 LONG @ $125098.000000
   Confidence: 82.5%
   Market Bias: bearish
   Position: $152.46 (50x)
   Size Adj: 18.6%

===========================================================================
🎯 OPEN LONG @ $125,098.00 | Confidence: 82.5%
===========================================================================
🔄 CLOSE LONG @ $125098.000000
   Reason: bias_change
   PnL: $1.68 (after $-1.68 fees)
   Hold: 1s
   Capital: $822.37 | Reserves: $15.96

📊 Tick #290 | 23:50:55 | $125,098.00
💰 $822.37 → $838.33 (+4.79%)
⏱️  Runtime: 6.2 min
🎯 29 trades | 96.6% WR

===========================================================================
✅ CLOSE @ $125,098.00 | PnL: $+1.68
===========================================================================
🎯 LONG @ $125098.000000
   Confidence: 82.5%
   Market Bias: bearish
   Position: $152.65 (50x)
   Size Adj: 18.6%

===========================================================================
🎯 OPEN LONG @ $125,098.00 | Confidence: 82.5%
===========================================================================
🔄 CLOSE LONG @ $125112.220000
   Reason: profit_target
   PnL: $2.55 (after $-1.68 fees)
   Hold: 1s
   Capital: $823.89 | Reserves: $16.98

===========================================================================
✅ CLOSE @ $125,112.22 | PnL: $+2.55
===========================================================================
🎯 LONG @ $125112.230000
   Confidence: 74.2%
   Market Bias: bearish
   Position: $137.49 (50x)
   Size Adj: 16.7%

===========================================================================
🎯 OPEN LONG @ $125,112.23 | Confidence: 74.2%
===========================================================================
🔄 CLOSE LONG @ $125112.230000
   Reason: bias_change
   PnL: $1.51 (after $-1.51 fees)
   Hold: 1s
   Capital: $824.80 | Reserves: $17.58

===========================================================================
✅ CLOSE @ $125,112.23 | PnL: $+1.51
===========================================================================
🎯 LONG @ $125112.220000
   Confidence: 74.2%
   Market Bias: bearish
   Position: $137.64 (50x)
   Size Adj: 16.7%

===========================================================================
🎯 OPEN LONG @ $125,112.22 | Confidence: 74.2%
===========================================================================
🔄 CLOSE LONG @ $125112.230000
   Reason: bias_change
   PnL: $1.51 (after $-1.51 fees)
   Hold: 1s
   Capital: $825.71 | Reserves: $18.19

===========================================================================
✅ CLOSE @ $125,112.23 | PnL: $+1.51
===========================================================================
🎯 LONG @ $125112.220000
   Confidence: 82.5%
   Market Bias: bearish
   Position: $153.27 (50x)
   Size Adj: 18.6%

===========================================================================
🎯 OPEN LONG @ $125,112.22 | Confidence: 82.5%
===========================================================================
🔄 CLOSE LONG @ $125112.220000
   Reason: bias_change
   PnL: $1.69 (after $-1.69 fees)
   Hold: 1s
   Capital: $826.72 | Reserves: $18.86

===========================================================================
✅ CLOSE @ $125,112.22 | PnL: $+1.69
===========================================================================
🎯 LONG @ $125106.140000
   Confidence: 82.5%
   Market Bias: bearish
   Position: $153.46 (50x)
   Size Adj: 18.6%

===========================================================================
🎯 OPEN LONG @ $125,106.14 | Confidence: 82.5%
===========================================================================
🔄 CLOSE LONG @ $125106.140000
   Reason: bias_change
   PnL: $1.69 (after $-1.69 fees)
   Hold: 1s
   Capital: $827.73 | Reserves: $19.54

📊 Tick #300 | 23:51:08 | $125,106.14
💰 $827.73 → $847.27 (+5.91%)
⏱️  Runtime: 6.4 min
🎯 34 trades | 97.1% WR

===========================================================================
✅ CLOSE @ $125,106.14 | PnL: $+1.69
===========================================================================
🎯 LONG @ $125106.150000
   Confidence: 82.5%
   Market Bias: bearish
   Position: $153.65 (50x)
   Size Adj: 18.6%

===========================================================================
🎯 OPEN LONG @ $125,106.15 | Confidence: 82.5%
===========================================================================
🔄 CLOSE LONG @ $125105.140000
   Reason: bias_change
   PnL: $1.63 (after $-1.69 fees)
   Hold: 1s
   Capital: $828.71 | Reserves: $20.19

===========================================================================
✅ CLOSE @ $125,105.14 | PnL: $+1.63
===========================================================================
🎯 LONG @ $125105.140000
   Confidence: 82.5%
   Market Bias: bearish
   Position: $153.83 (50x)
   Size Adj: 18.6%

===========================================================================
🎯 OPEN LONG @ $125,105.14 | Confidence: 82.5%
===========================================================================
🔄 CLOSE LONG @ $125097.990000
   Reason: stop_loss
   PnL: $1.25 (after $-1.69 fees)
   Hold: 1s
   Capital: $829.46 | Reserves: $20.69

===========================================================================
✅ CLOSE @ $125,097.99 | PnL: $+1.25
===========================================================================
🎯 LONG @ $125098.000000
   Confidence: 82.5%
   Market Bias: bearish
   Position: $153.97 (50x)
   Size Adj: 18.6%

===========================================================================
🎯 OPEN LONG @ $125,098.00 | Confidence: 82.5%
===========================================================================
🔄 CLOSE LONG @ $125098.000000
   Reason: bias_change
   PnL: $1.69 (after $-1.69 fees)
   Hold: 1s
   Capital: $830.48 | Reserves: $21.37

===========================================================================
✅ CLOSE @ $125,098.00 | PnL: $+1.69
===========================================================================

📊 Tick #310 | 23:51:20 | $125,097.99
💰 $830.48 → $851.85 (+6.48%)
⏱️  Runtime: 6.6 min
🎯 37 trades | 97.3% WR
🎯 LONG @ $125082.940000
   Confidence: 82.5%
   Market Bias: bearish
   Position: $154.16 (50x)
   Size Adj: 18.6%

===========================================================================
🎯 OPEN LONG @ $125,082.94 | Confidence: 82.5%
===========================================================================
🔄 CLOSE LONG @ $125082.940000
   Reason: bias_change
   PnL: $1.70 (after $-1.70 fees)
   Hold: 1s
   Capital: $831.50 | Reserves: $22.05

===========================================================================
✅ CLOSE @ $125,082.94 | PnL: $+1.70
===========================================================================
🎯 LONG @ $125080.330000
   Confidence: 82.5%
   Market Bias: bearish
   Position: $154.35 (50x)
   Size Adj: 18.6%

===========================================================================
🎯 OPEN LONG @ $125,080.33 | Confidence: 82.5%
===========================================================================
🔄 CLOSE LONG @ $125076.710000
   Reason: bias_change
   PnL: $1.47 (after $-1.70 fees)
   Hold: 1s
   Capital: $832.38 | Reserves: $22.64

===========================================================================
✅ CLOSE @ $125,076.71 | PnL: $+1.47
===========================================================================
🎯 LONG @ $125068.730000
   Confidence: 82.5%
   Market Bias: bearish
   Position: $154.51 (50x)
   Size Adj: 18.6%

===========================================================================
🎯 OPEN LONG @ $125,068.73 | Confidence: 82.5%
===========================================================================
🔄 CLOSE LONG @ $125068.730000
   Reason: bias_change
   PnL: $1.70 (after $-1.70 fees)
   Hold: 1s
   Capital: $833.40 | Reserves: $23.32

===========================================================================
✅ CLOSE @ $125,068.73 | PnL: $+1.70
===========================================================================
🎯 LONG @ $125068.710000
   Confidence: 82.5%
   Market Bias: bearish
   Position: $154.70 (50x)
   Size Adj: 18.6%

===========================================================================
🎯 OPEN LONG @ $125,068.71 | Confidence: 82.5%
===========================================================================
🔄 CLOSE LONG @ $125050.000000
   Reason: stop_loss
   PnL: $0.54 (after $-1.70 fees)
   Hold: 1s
   Capital: $833.73 | Reserves: $23.53

===========================================================================
✅ CLOSE @ $125,050.00 | PnL: $+0.54
===========================================================================
🎯 LONG @ $125042.830000
   Confidence: 82.5%
   Market Bias: bearish
   Position: $154.76 (50x)
   Size Adj: 18.6%

===========================================================================
🎯 OPEN LONG @ $125,042.83 | Confidence: 82.5%
===========================================================================
🔄 CLOSE LONG @ $125042.830000
   Reason: bias_change
   PnL: $1.70 (after $-1.70 fees)
   Hold: 1s
   Capital: $834.75 | Reserves: $24.21

📊 Tick #320 | 23:51:33 | $125,042.83
💰 $834.75 → $858.96 (+7.37%)
⏱️  Runtime: 6.8 min
🎯 42 trades | 97.6% WR

===========================================================================
✅ CLOSE @ $125,042.83 | PnL: $+1.70
===========================================================================
🎯 LONG @ $125042.840000
   Confidence: 82.5%
   Market Bias: bearish
   Position: $154.95 (50x)
   Size Adj: 18.6%

===========================================================================
🎯 OPEN LONG @ $125,042.84 | Confidence: 82.5%
===========================================================================
🔄 CLOSE LONG @ $125052.200000
   Reason: bias_change
   PnL: $2.28 (after $-1.70 fees)
   Hold: 1s
   Capital: $836.12 | Reserves: $25.13

===========================================================================
✅ CLOSE @ $125,052.20 | PnL: $+2.28
===========================================================================
🎯 LONG @ $125052.200000
   Confidence: 82.5%
   Market Bias: bearish
   Position: $155.20 (50x)
   Size Adj: 18.6%

===========================================================================
🎯 OPEN LONG @ $125,052.20 | Confidence: 82.5%
===========================================================================
🔄 CLOSE LONG @ $125052.210000
   Reason: bias_change
   PnL: $1.71 (after $-1.71 fees)
   Hold: 1s
   Capital: $837.14 | Reserves: $25.81

===========================================================================
✅ CLOSE @ $125,052.21 | PnL: $+1.71
===========================================================================
🎯 LONG @ $125053.640000
   Confidence: 82.5%
   Market Bias: bearish
   Position: $155.39 (50x)
   Size Adj: 18.6%

===========================================================================
🎯 OPEN LONG @ $125,053.64 | Confidence: 82.5%
===========================================================================
🔄 CLOSE LONG @ $125053.650000
   Reason: bias_change
   PnL: $1.71 (after $-1.71 fees)
   Hold: 1s
   Capital: $838.17 | Reserves: $26.50

===========================================================================
✅ CLOSE @ $125,053.65 | PnL: $+1.71
===========================================================================
🎯 LONG @ $125053.640000
   Confidence: 82.5%
   Market Bias: bearish
   Position: $155.59 (50x)
   Size Adj: 18.6%

===========================================================================
🎯 OPEN LONG @ $125,053.64 | Confidence: 82.5%
===========================================================================
🔄 CLOSE LONG @ $125053.650000
   Reason: bias_change
   PnL: $1.71 (after $-1.71 fees)
   Hold: 1s
   Capital: $839.20 | Reserves: $27.18

===========================================================================
✅ CLOSE @ $125,053.65 | PnL: $+1.71
===========================================================================
🎯 LONG @ $125053.640000
   Confidence: 74.2%
   Market Bias: bearish
   Position: $140.04 (50x)
   Size Adj: 16.7%

===========================================================================
🎯 OPEN LONG @ $125,053.64 | Confidence: 74.2%
===========================================================================
🔄 CLOSE LONG @ $125053.650000
   Reason: bias_change
   PnL: $1.54 (after $-1.54 fees)
   Hold: 1s
   Capital: $840.12 | Reserves: $27.80

📊 Tick #330 | 23:51:46 | $125,053.65
💰 $840.12 → $867.92 (+8.49%)
⏱️  Runtime: 7.0 min
🎯 47 trades | 97.9% WR

===========================================================================
✅ CLOSE @ $125,053.65 | PnL: $+1.54
===========================================================================
🎯 LONG @ $125053.640000
   Confidence: 74.2%
   Market Bias: bearish
   Position: $140.20 (50x)
   Size Adj: 16.7%

===========================================================================
🎯 OPEN LONG @ $125,053.64 | Confidence: 74.2%
===========================================================================
🔄 CLOSE LONG @ $125053.640000
   Reason: bias_change
   PnL: $1.54 (after $-1.54 fees)
   Hold: 1s
   Capital: $841.05 | Reserves: $28.41

===========================================================================
✅ CLOSE @ $125,053.64 | PnL: $+1.54
===========================================================================
🎯 LONG @ $125048.240000
   Confidence: 82.5%
   Market Bias: bearish
   Position: $156.12 (50x)
   Size Adj: 18.6%

===========================================================================
🎯 OPEN LONG @ $125,048.24 | Confidence: 82.5%
===========================================================================
🔄 CLOSE LONG @ $125043.740000
   Reason: bias_change
   PnL: $1.44 (after $-1.72 fees)
   Hold: 1s
   Capital: $841.91 | Reserves: $28.99

===========================================================================
✅ CLOSE @ $125,043.74 | PnL: $+1.44
===========================================================================
🎯 LONG @ $125040.500000
   Confidence: 82.5%
   Market Bias: bearish
   Position: $156.28 (50x)
   Size Adj: 18.6%

===========================================================================
🎯 OPEN LONG @ $125,040.50 | Confidence: 82.5%
===========================================================================
🔄 CLOSE LONG @ $125040.500000
   Reason: bias_change
   PnL: $1.72 (after $-1.72 fees)
   Hold: 1s
   Capital: $842.94 | Reserves: $29.68

===========================================================================
✅ CLOSE @ $125,040.50 | PnL: $+1.72
===========================================================================

📊 Tick #340 | 23:51:59 | $125,016.35
💰 $842.94 → $872.62 (+9.08%)
⏱️  Runtime: 7.2 min
🎯 50 trades | 98.0% WR

📊 Tick #350 | 23:52:12 | $125,000.00
💰 $842.94 → $872.62 (+9.08%)
⏱️  Runtime: 7.5 min
🎯 50 trades | 98.0% WR

📊 Tick #360 | 23:52:24 | $125,000.00
💰 $842.94 → $872.62 (+9.08%)
⏱️  Runtime: 7.7 min
🎯 50 trades | 98.0% WR

📊 Tick #370 | 23:52:37 | $125,006.82
💰 $842.94 → $872.62 (+9.08%)
⏱️  Runtime: 7.9 min
🎯 50 trades | 98.0% WR

📊 Tick #380 | 23:52:50 | $124,994.63
💰 $842.94 → $872.62 (+9.08%)
⏱️  Runtime: 8.1 min
🎯 50 trades | 98.0% WR

📊 Tick #390 | 23:53:03 | $124,968.93
💰 $842.94 → $872.62 (+9.08%)
⏱️  Runtime: 8.3 min
🎯 50 trades | 98.0% WR

📊 Tick #400 | 23:53:15 | $124,970.98
💰 $842.94 → $872.62 (+9.08%)
⏱️  Runtime: 8.5 min
🎯 50 trades | 98.0% WR

📊 Tick #410 | 23:53:28 | $124,985.48
💰 $842.94 → $872.62 (+9.08%)
⏱️  Runtime: 8.7 min
🎯 50 trades | 98.0% WR
🎯 SHORT @ $125000.010000
   Confidence: 100.0%
   Market Bias: bearish
   Position: $182.08 (50x)
   Size Adj: 21.6%

===========================================================================
🎯 OPEN SHORT @ $125,000.01 | Confidence: 100.0%
===========================================================================
🔄 CLOSE SHORT @ $125006.800000
   Reason: stop_loss
   PnL: $1.51 (after $-2.00 fees)
   Hold: 1s
   Capital: $843.85 | Reserves: $30.28

===========================================================================
✅ CLOSE @ $125,006.80 | PnL: $+1.51
===========================================================================
🎯 SHORT @ $125006.810000
   Confidence: 100.0%
   Market Bias: bearish
   Position: $182.27 (50x)
   Size Adj: 21.6%

===========================================================================
🎯 OPEN SHORT @ $125,006.81 | Confidence: 100.0%
===========================================================================

📊 Tick #420 | 23:53:41 | $125,006.80
💰 $843.85 → $874.13 (+9.27%)
⏱️  Runtime: 8.9 min
🎯 51 trades | 98.0% WR
🔄 CLOSE SHORT @ $125036.630000
   Reason: stop_loss
   PnL: $-0.17 (after $-2.00 fees)
   Hold: 4s
   Capital: $843.68 | Reserves: $30.28

===========================================================================
❌ CLOSE @ $125,036.63 | PnL: $-0.17
===========================================================================
🎯 SHORT @ $125028.710000
   Confidence: 98.8%
   Market Bias: bearish
   Position: $182.23 (50x)
   Size Adj: 21.6%

===========================================================================
🎯 OPEN SHORT @ $125,028.71 | Confidence: 98.8%
===========================================================================
🔄 CLOSE SHORT @ $125015.920000
   Reason: profit_target
   PnL: $2.94 (after $-2.00 fees)
   Hold: 1s
   Capital: $845.44 | Reserves: $31.45

===========================================================================
✅ CLOSE @ $125,015.92 | PnL: $+2.94
===========================================================================
🎯 SHORT @ $125015.930000
   Confidence: 98.8%
   Market Bias: bearish
   Position: $182.61 (50x)
   Size Adj: 21.6%

===========================================================================
🎯 OPEN SHORT @ $125,015.93 | Confidence: 98.8%
===========================================================================

📊 Tick #430 | 23:53:53 | $125,015.92
💰 $845.44 → $876.89 (+9.61%)
⏱️  Runtime: 9.2 min
🎯 53 trades | 96.2% WR
🔄 CLOSE SHORT @ $125032.180000
   Reason: stop_loss
   PnL: $0.82 (after $-2.01 fees)
   Hold: 8s
   Capital: $845.93 | Reserves: $31.78

===========================================================================
✅ CLOSE @ $125,032.18 | PnL: $+0.82
===========================================================================
🎯 SHORT @ $125032.180000
   Confidence: 98.8%
   Market Bias: bearish
   Position: $182.72 (50x)
   Size Adj: 21.6%

===========================================================================
🎯 OPEN SHORT @ $125,032.18 | Confidence: 98.8%
===========================================================================
🔄 CLOSE SHORT @ $125040.860000
   Reason: stop_loss
   PnL: $1.38 (after $-2.01 fees)
   Hold: 9s
   Capital: $846.76 | Reserves: $32.33

===========================================================================
✅ CLOSE @ $125,040.86 | PnL: $+1.38
===========================================================================
🎯 SHORT @ $125040.850000
   Confidence: 98.8%
   Market Bias: bearish
   Position: $182.90 (50x)
   Size Adj: 21.6%

📊 Tick #440 | 23:54:06 | $125,040.85
💰 $846.76 → $879.09 (+9.89%)
⏱️  Runtime: 9.4 min
🎯 55 trades | 96.4% WR

===========================================================================
🎯 OPEN SHORT @ $125,040.85 | Confidence: 98.8%
===========================================================================
🔄 CLOSE SHORT @ $125049.630000
   Reason: stop_loss
   PnL: $1.37 (after $-2.01 fees)
   Hold: 4s
   Capital: $847.58 | Reserves: $32.88

===========================================================================
✅ CLOSE @ $125,049.63 | PnL: $+1.37
===========================================================================
🎯 SHORT @ $125049.630000
   Confidence: 98.8%
   Market Bias: bearish
   Position: $183.08 (50x)
   Size Adj: 21.6%

===========================================================================
🎯 OPEN SHORT @ $125,049.63 | Confidence: 98.8%
===========================================================================
🔄 CLOSE SHORT @ $125059.360000
   Reason: stop_loss
   PnL: $1.30 (after $-2.01 fees)
   Hold: 4s
   Capital: $848.36 | Reserves: $33.40

===========================================================================
✅ CLOSE @ $125,059.36 | PnL: $+1.30
===========================================================================
🎯 SHORT @ $125064.710000
   Confidence: 98.8%
   Market Bias: bearish
   Position: $183.25 (50x)
   Size Adj: 21.6%

===========================================================================
🎯 OPEN SHORT @ $125,064.71 | Confidence: 98.8%
===========================================================================

📊 Tick #450 | 23:54:19 | $125,064.72
💰 $848.36 → $881.76 (+10.22%)
⏱️  Runtime: 9.6 min
🎯 57 trades | 96.5% WR
🔄 CLOSE SHORT @ $125069.990000
   Reason: stop_loss
   PnL: $1.63 (after $-2.02 fees)
   Hold: 4s
   Capital: $849.34 | Reserves: $34.05

===========================================================================
✅ CLOSE @ $125,069.99 | PnL: $+1.63
===========================================================================
🎯 SHORT @ $125069.990000
   Confidence: 98.8%
   Market Bias: bearish
   Position: $183.46 (50x)
   Size Adj: 21.6%

===========================================================================
🎯 OPEN SHORT @ $125,069.99 | Confidence: 98.8%
===========================================================================

📊 Tick #460 | 23:54:31 | $125,070.00
💰 $849.34 → $883.39 (+10.42%)
⏱️  Runtime: 9.8 min
🎯 58 trades | 96.6% WR

📊 Tick #470 | 23:54:44 | $125,070.00
💰 $849.34 → $883.39 (+10.42%)
⏱️  Runtime: 10.0 min
🎯 58 trades | 96.6% WR
🔄 CLOSE SHORT @ $125078.940000
   Reason: stop_loss
   PnL: $1.36 (after $-2.02 fees)
   Hold: 27s
   Capital: $850.15 | Reserves: $34.60

===========================================================================
✅ CLOSE @ $125,078.94 | PnL: $+1.36
===========================================================================

📊 Tick #480 | 23:54:57 | $125,078.95
💰 $850.15 → $884.75 (+10.59%)
⏱️  Runtime: 10.2 min
🎯 59 trades | 96.6% WR

📊 Tick #490 | 23:55:10 | $125,078.94
💰 $850.15 → $884.75 (+10.59%)
⏱️  Runtime: 10.4 min
🎯 59 trades | 96.6% WR

📊 Tick #500 | 23:55:22 | $125,078.95
💰 $850.15 → $884.75 (+10.59%)
⏱️  Runtime: 10.6 min
🎯 59 trades | 96.6% WR
🎯 LONG @ $125060.010000
   Confidence: 81.2%
   Market Bias: bearish
   Position: $155.42 (50x)
   Size Adj: 18.3%

===========================================================================
🎯 OPEN LONG @ $125,060.01 | Confidence: 81.2%
===========================================================================
🔄 CLOSE LONG @ $125060.000000
   Reason: bias_change
   PnL: $1.71 (after $-1.71 fees)
   Hold: 1s
   Capital: $851.18 | Reserves: $35.28

===========================================================================
✅ CLOSE @ $125,060.00 | PnL: $+1.71
===========================================================================
🎯 LONG @ $125060.000000
   Confidence: 81.2%
   Market Bias: bearish
   Position: $155.61 (50x)
   Size Adj: 18.3%

📊 Tick #510 | 23:55:35 | $125,060.00
💰 $851.18 → $886.46 (+10.81%)
⏱️  Runtime: 10.9 min
🎯 60 trades | 96.7% WR

===========================================================================
🎯 OPEN LONG @ $125,060.00 | Confidence: 81.2%
===========================================================================
🔄 CLOSE LONG @ $125060.000000
   Reason: bias_change
   PnL: $1.71 (after $-1.71 fees)
   Hold: 1s
   Capital: $852.21 | Reserves: $35.97

===========================================================================
✅ CLOSE @ $125,060.00 | PnL: $+1.71
===========================================================================
🎯 LONG @ $125060.010000
   Confidence: 81.2%
   Market Bias: bearish
   Position: $155.79 (50x)
   Size Adj: 18.3%

===========================================================================
🎯 OPEN LONG @ $125,060.01 | Confidence: 81.2%
===========================================================================
🔄 CLOSE LONG @ $125060.000000
   Reason: bias_change
   PnL: $1.71 (after $-1.71 fees)
   Hold: 1s
   Capital: $853.23 | Reserves: $36.65

===========================================================================
✅ CLOSE @ $125,060.00 | PnL: $+1.71
===========================================================================
🎯 LONG @ $125060.010000
   Confidence: 81.2%
   Market Bias: bearish
   Position: $155.98 (50x)
   Size Adj: 18.3%

===========================================================================
🎯 OPEN LONG @ $125,060.01 | Confidence: 81.2%
===========================================================================
🔄 CLOSE LONG @ $125060.010000
   Reason: bias_change
   PnL: $1.72 (after $-1.72 fees)
   Hold: 1s
   Capital: $854.26 | Reserves: $37.34

===========================================================================
✅ CLOSE @ $125,060.01 | PnL: $+1.72
===========================================================================
🎯 LONG @ $125060.000000
   Confidence: 81.2%
   Market Bias: bearish
   Position: $156.17 (50x)
   Size Adj: 18.3%

===========================================================================
🎯 OPEN LONG @ $125,060.00 | Confidence: 81.2%
===========================================================================
🔄 CLOSE LONG @ $125060.000000
   Reason: bias_change
   PnL: $1.72 (after $-1.72 fees)
   Hold: 1s
   Capital: $855.30 | Reserves: $38.02

===========================================================================
✅ CLOSE @ $125,060.00 | PnL: $+1.72
===========================================================================
🎯 LONG @ $125060.010000
   Confidence: 81.2%
   Market Bias: bearish
   Position: $156.36 (50x)
   Size Adj: 18.3%

===========================================================================
🎯 OPEN LONG @ $125,060.01 | Confidence: 81.2%
===========================================================================
🔄 CLOSE LONG @ $125060.000000
   Reason: bias_change
   PnL: $1.72 (after $-1.72 fees)
   Hold: 1s
   Capital: $856.33 | Reserves: $38.71

===========================================================================
✅ CLOSE @ $125,060.00 | PnL: $+1.72
===========================================================================
🎯 LONG @ $125052.080000
   Confidence: 81.2%
   Market Bias: bearish
   Position: $156.55 (50x)
   Size Adj: 18.3%

📊 Tick #520 | 23:55:48 | $125,052.08
💰 $856.33 → $895.04 (+11.88%)
⏱️  Runtime: 11.1 min
🎯 65 trades | 96.9% WR

===========================================================================
🎯 OPEN LONG @ $125,052.08 | Confidence: 81.2%
===========================================================================
🔄 CLOSE LONG @ $125052.080000
   Reason: bias_change
   PnL: $1.72 (after $-1.72 fees)
   Hold: 1s
   Capital: $857.36 | Reserves: $39.40

===========================================================================
✅ CLOSE @ $125,052.08 | PnL: $+1.72
===========================================================================
🎯 LONG @ $125052.090000
   Confidence: 81.2%
   Market Bias: bearish
   Position: $156.74 (50x)
   Size Adj: 18.3%

===========================================================================
🎯 OPEN LONG @ $125,052.09 | Confidence: 81.2%
===========================================================================
🔄 CLOSE LONG @ $125052.090000
   Reason: bias_change
   PnL: $1.72 (after $-1.72 fees)
   Hold: 1s
   Capital: $858.39 | Reserves: $40.09

===========================================================================
✅ CLOSE @ $125,052.09 | PnL: $+1.72
===========================================================================
🎯 LONG @ $125052.080000
   Confidence: 81.2%
   Market Bias: bearish
   Position: $156.93 (50x)
   Size Adj: 18.3%

===========================================================================
🎯 OPEN LONG @ $125,052.08 | Confidence: 81.2%
===========================================================================
🔄 CLOSE LONG @ $125052.090000
   Reason: bias_change
   PnL: $1.73 (after $-1.73 fees)
   Hold: 1s
   Capital: $859.43 | Reserves: $40.78

===========================================================================
✅ CLOSE @ $125,052.09 | PnL: $+1.73
===========================================================================

📊 Tick #530 | 23:56:01 | $125,052.08
💰 $859.43 → $900.21 (+12.53%)
⏱️  Runtime: 11.3 min
🎯 68 trades | 97.1% WR

📊 Tick #540 | 23:56:14 | $125,052.08
💰 $859.43 → $900.21 (+12.53%)
⏱️  Runtime: 11.5 min
🎯 68 trades | 97.1% WR

📊 Tick #550 | 23:56:27 | $125,052.08
💰 $859.43 → $900.21 (+12.53%)
⏱️  Runtime: 11.7 min
🎯 68 trades | 97.1% WR

📊 Tick #560 | 23:56:40 | $125,052.09
💰 $859.43 → $900.21 (+12.53%)
⏱️  Runtime: 11.9 min
🎯 68 trades | 97.1% WR

📊 Tick #570 | 23:56:53 | $125,061.51
💰 $859.43 → $900.21 (+12.53%)
⏱️  Runtime: 12.1 min
🎯 68 trades | 97.1% WR

📊 Tick #580 | 23:57:06 | $125,052.88
💰 $859.43 → $900.21 (+12.53%)
⏱️  Runtime: 12.4 min
🎯 68 trades | 97.1% WR

📊 Tick #590 | 23:57:18 | $125,052.88
💰 $859.43 → $900.21 (+12.53%)
⏱️  Runtime: 12.6 min
🎯 68 trades | 97.1% WR

📊 Tick #600 | 23:57:31 | $125,052.89
💰 $859.43 → $900.21 (+12.53%)
⏱️  Runtime: 12.8 min
🎯 68 trades | 97.1% WR

📊 Tick #610 | 23:57:44 | $125,052.88
💰 $859.43 → $900.21 (+12.53%)
⏱️  Runtime: 13.0 min
🎯 68 trades | 97.1% WR

📊 Tick #620 | 23:57:57 | $125,052.89
💰 $859.43 → $900.21 (+12.53%)
⏱️  Runtime: 13.2 min
🎯 68 trades | 97.1% WR

📊 Tick #630 | 23:58:10 | $125,037.04
💰 $859.43 → $900.21 (+12.53%)
⏱️  Runtime: 13.4 min
🎯 68 trades | 97.1% WR

📊 Tick #640 | 23:58:23 | $125,030.43
💰 $859.43 → $900.21 (+12.53%)
⏱️  Runtime: 13.6 min
🎯 68 trades | 97.1% WR

📊 Tick #650 | 23:58:36 | $125,020.72
💰 $859.43 → $900.21 (+12.53%)
⏱️  Runtime: 13.9 min
🎯 68 trades | 97.1% WR
🎯 SHORT @ $125021.560000
   Confidence: 90.4%
   Market Bias: bearish
   Position: $174.84 (50x)
   Size Adj: 20.3%

📊 Tick #660 | 23:58:48 | $125,021.56
💰 $859.43 → $900.21 (+12.53%)
⏱️  Runtime: 14.1 min
🎯 68 trades | 97.1% WR

===========================================================================
🎯 OPEN SHORT @ $125,021.56 | Confidence: 90.4%
===========================================================================
🔄 CLOSE SHORT @ $125030.430000
   Reason: stop_loss
   PnL: $1.30 (after $-1.92 fees)
   Hold: 7s
   Capital: $860.21 | Reserves: $41.30

===========================================================================
✅ CLOSE @ $125,030.43 | PnL: $+1.30
===========================================================================
🎯 SHORT @ $125030.430000
   Confidence: 98.8%
   Market Bias: bearish
   Position: $185.81 (50x)
   Size Adj: 21.6%

===========================================================================
🎯 OPEN SHORT @ $125,030.43 | Confidence: 98.8%
===========================================================================

📊 Tick #670 | 23:59:02 | $125,030.43
💰 $860.21 → $901.52 (+12.69%)
⏱️  Runtime: 14.3 min
🎯 69 trades | 97.1% WR
🔄 CLOSE SHORT @ $125037.060000
   Reason: stop_loss
   PnL: $1.55 (after $-2.04 fees)
   Hold: 15s
   Capital: $861.14 | Reserves: $41.92

===========================================================================
✅ CLOSE @ $125,037.06 | PnL: $+1.55
===========================================================================
🎯 SHORT @ $125037.060000
   Confidence: 98.8%
   Market Bias: bearish
   Position: $186.01 (50x)
   Size Adj: 21.6%

===========================================================================
🎯 OPEN SHORT @ $125,037.06 | Confidence: 98.8%
===========================================================================

📊 Tick #680 | 23:59:15 | $125,037.05
💰 $861.14 → $903.07 (+12.88%)
⏱️  Runtime: 14.5 min
🎯 70 trades | 97.1% WR

📊 Tick #690 | 23:59:28 | $125,037.05
💰 $861.14 → $903.07 (+12.88%)
⏱️  Runtime: 14.7 min
🎯 70 trades | 97.1% WR

📊 Tick #700 | 23:59:40 | $125,030.43
💰 $861.14 → $903.07 (+12.88%)
⏱️  Runtime: 14.9 min
🎯 70 trades | 97.1% WR
🔄 CLOSE SHORT @ $125023.330000
   Reason: profit_target
   PnL: $3.07 (after $-2.05 fees)
   Hold: 29s
   Capital: $862.98 | Reserves: $43.15

===========================================================================
✅ CLOSE @ $125,023.33 | PnL: $+3.07
===========================================================================

================================================================================
🏁 SESSION COMPLETE
================================================================================
📊 Ticks: 703 | Runtime: 15.0 min
💼 Trades: 71 | Win Rate: 97.2%
💰 $800 → $906.13 (+13.27%)
================================================================================
